Ejercicio 1
Configurar Git definiendo el nombre del usuario, el correo
electrónico y activar el coloreado de la salida. Mostrar la
configuración final.
{
EQ4205@DESKTOP-EHS0JB7 MINGW64 ~
$ cd

EQ4205@DESKTOP-EHS0JB7 MINGW64 ~
$ cd git

EQ4205@DESKTOP-EHS0JB7 MINGW64 ~/git
$ dir
SistemasInformaticos  ejercicio1  gitjava  repository  repository2

EQ4205@DESKTOP-EHS0JB7 MINGW64 ~/git
$ cd SistemasInformaticos

EQ4205@DESKTOP-EHS0JB7 MINGW64 ~/git/SistemasInformaticos (master)
$ git config --global user.name [Oscar Martinez]

EQ4205@DESKTOP-EHS0JB7 MINGW64 ~/git/SistemasInformaticos (master)
$ dir
SistemaInformaticos

EQ4205@DESKTOP-EHS0JB7 MINGW64 ~/git/SistemasInformaticos (master)
$ git config --global user.email"[oscarmartinezc11rgmail.com]"
error: invalid key: user.email[oscarmartinezc11rgmail.com]

EQ4205@DESKTOP-EHS0JB7 MINGW64 ~/git/SistemasInformaticos (master)
$ git config --global user.email "oscarmartinezc11rgmail.com"


}
Ejercicio 2
Crear un repositorio nuevo con el nombre libro y mostrar su
contenido.{


C:\Users\EQ4205\git\SistemasInformaticos> mkdir libro

C:\Users\EQ4205\git\SistemasInformaticos>dir

 Directorio de C:\Users\EQ4205\git\SistemasInformaticos\libro

10/01/2024  10:46    <DIR>          .
10/01/2024  10:46    <DIR>          ..
10/01/2024  12:57               140 indice.txt
10/01/2024  10:31                22 primer
               2 archivos            162 bytes
               2 dirs  1.640.324.046.848 bytes libres



}
Ejercicio 3
1. Comprobar el estado del repositorio.
2. Crear un fichero indice.txt con el siguiente contenido:
Capítulo 1: Introducción a Git
Capítulo 2: Flujo de trabajo básico
Capítulo 3: Repositorios remotos
3. Comprobar de nuevo el estado del repositorio.
4. Añadir el fichero a la zona de intercambio temporal.
5. Volver a comprobar una vez más el estado del repositorio
{
C:\Users\EQ4205\git\SistemasInformaticos\libro>echo "Capitulo 4:Repositorios remotos">indice.txt

C:\Users\EQ4205\git\SistemasInformaticos\libro>echo "Capitulo 4:Repositorios remotos">indice.txt

C:\Users\EQ4205\git\SistemasInformaticos\libro>echo "Capitulo 3:Flujo de trabajo basico">>indice.txt

C:\Users\EQ4205\git\SistemasInformaticos\libro>echo "Capitulo 2:Gestion de ramas">>indice.txt

C:\Users\EQ4205\git\SistemasInformaticos\libro>echo "Capitulo 1:Gestion introduccion a Git">>indice.txt
EQ4205@DESKTOP-EHS0JB7 MINGW64 ~/git/SistemasInformaticos/libro (master)
$ git add indice.txt

EQ4205@DESKTOP-EHS0JB7 MINGW64 ~/git/SistemasInformaticos/libro (master)
$ git status
On branch master

No commits yet

Changes to be committed:
  (use "git rm --cached <file>..." to unstage)
        new file:   indice.txt

Untracked files:
  (use "git add <file>..." to include in what will be committed)
        primer


EQ4205@DESKTOP-EHS0JB7 MINGW64 ~/git/SistemasInformaticos/libro (master)
$ git status
On branch master

No commits yet

Changes to be committed:
  (use "git rm --cached <file>..." to unstage)
        new file:   indice.txt

Untracked files:
  (use "git add <file>..." to include in what will be committed)
        primer


EQ4205@DESKTOP-EHS0JB7 MINGW64 ~/git/SistemasInformaticos/libro (master)
$ git add .

EQ4205@DESKTOP-EHS0JB7 MINGW64 ~/git/SistemasInformaticos/libro (master)
$ git add indice.txt

EQ4205@DESKTOP-EHS0JB7 MINGW64 ~/git/SistemasInformaticos/libro (master)
$ git status
On branch master

No commits yet

Changes to be committed:
  (use "git rm --cached <file>..." to unstage)
        new file:   indice.txt
        new file:   primer

 }
4 Realizar un commit de los últimos cambios con el mensaje
“Añadido índice del libro.” y ver el estado del repositorio
$ git commit -m "terminado"
{
[master (root-commit) 825b5eb] terminado
 2 files changed, 4 insertions(+)
 create mode 100644 indice.txt
 create mode 100644 primer

EQ4205@DESKTOP-EHS0JB7 MINGW64 ~/git/SistemasInformaticos/libro (master)
$ git status
On branch master
nothing to commit, working tree clean}
Ejercicio 5
1. Cambiar el fichero indice.txt para que contenga lo siguiente:
Capítulo 1: Introducción a Git
Capítulo 2: Flujo de trabajo básico
Capítulo 3: Gestión de ramas
Capítulo 4: Repositorios remotos
2. Mostrar los cambios con respecto a la última versión
guardada en el repositorio.
3. Hacer un commit de los cambios con el mensaje “Añadido
capítulo 3 sobre gestión de ramas”.{

C:\Users\EQ4205\git\SistemasInformaticos\libro>echo "Capitulo 4:Repositorios remotos">indice.txt

C:\Users\EQ4205\git\SistemasInformaticos\libro>echo "Capitulo 4:Repositorios remotos">indice.txt

C:\Users\EQ4205\git\SistemasInformaticos\libro>echo "Capitulo 3:Flujo de trabajo basico">>indice.txt

C:\Users\EQ4205\git\SistemasInformaticos\libro>echo "Capitulo 2:Gestion de ramas">>indice.txt

C:\Users\EQ4205\git\SistemasInformaticos\libro>echo "Capitulo 1:Gestion introduccion a Git">>indice.txt
EQ4205@DESKTOP-EHS0JB7 MINGW64 ~/git/SistemasInformaticos/libro (master)
$ git diff
diff --git a/indice.txt b/indice.txt
index ac0313e..6f61b10 100644
--- a/indice.txt
+++ b/indice.txt
@@ -1,3 +1,4 @@
-"Capitulo 2:Flujo de trabajo basico"
-"Capitulo 3:Repositorio remoto"
-"Capitulo 1:Introduccion a Git"
+"Capitulo 4:Repositorios remotos"
+"Capitulo 3:Flujo de trabajo basico"
+"Capitulo 2:Gestion de ramas"
+"Capitulo 1:Gestion introduccion a Git"

EQ4205@DESKTOP-EHS0JB7 MINGW64 ~/git/SistemasInformaticos/libro (master)
$ git add indice.txt

EQ4205@DESKTOP-EHS0JB7 MINGW64 ~/git/SistemasInformaticos/libro (master)
$ git status
On branch master
Changes to be committed:
  (use "git restore --staged <file>..." to unstage)
        modified:   indice.txt


EQ4205@DESKTOP-EHS0JB7 MINGW64 ~/git/SistemasInformaticos/libro (master)
$ git commit -m "añadido capitulo3"
[master 0adf1ee] añadido capitulo3
 1 file changed, 4 insertions(+), 3 deletions(-)

}
Ejercicio 6
1. Mostrar los cambios de la última versión del repositorio con
respecto a la anterior.
2. Cambiar el mensaje del último commit por “Añadido capítulo
3 sobre gestión de ramas al índice.”
3. Volver a mostrar los últimos cambios del repositorio
{
EQ4205@DESKTOP-EHS0JB7 MINGW64 ~/git/SistemasInformaticos/libro (master)
$ git log --stat
commit 0adf1ee8d96e86498545e1a7f42ccb15ba132906 (HEAD -> master)
Author: [Oscar <oscarmartinezc11@gmail.com>
Date:   Wed Jan 10 13:25:52 2024 +0100

    añadido capitulo3

 indice.txt | 7 ++++---
 1 file changed, 4 insertions(+), 3 deletions(-)

commit 825b5eb1709e7c241136efc186b1871000158cb5
Author: [Oscar <oscarmartinezc11@gmail.com>
Date:   Wed Jan 10 12:53:43 2024 +0100

    terminado

 indice.txt | 3 +++
 primer     | 1 +
 2 files changed, 4 insertions(+)

}

